Enter a string: The input is: "HelloWorld"
With capital letters removed: "HelloWorld"
The input contains 2 uppercase letters and 8 lowercase letters.
