Enter a string: The input is: "Hello World"
With capital letters removed: "Hello World"
The input contains 2 uppercase letters and 8 lowercase letters.
